<?xml version="1.0"?>
<!-- Generated by SVGo (float) -->
<svg width="200.00" height="100.00"
     xmlns="http://www.w3.org/2000/svg"
     xmlns:xlink="http://www.w3.org/1999/xlink">
<g id="root">
<text x="100.00" y="50.00" style="fill-opacity:0.500000;font-family:;font-size:0px;dominant-baseline:central;text-anchor:middle" >No tags found in the last 7 days :(</text>
</g>
</svg>
