<?xml version="1.0"?>
<!-- Generated by SVGo (float) -->
<svg width="500.00" height="500.00"
     xmlns="http://www.w3.org/2000/svg"
     xmlns:xlink="http://www.w3.org/1999/xlink">
<g id="root">
<g id="hands">
<g transform="translate(250.00,250.00) rotate(-180)">
<polyline points="-11.59,100.00 11.59,100.00 31.22,250.00 -31.22,250.00" style="fill:#ad9bbe" />
<polyline points="-11.59,100.00 11.59,100.00 11.59,100.00 -11.59,100.00" style="fill:#33065d" />
</g>
<g transform="translate(250.00,250.00) rotate(-165)">
<polyline points="-11.59,100.00 11.59,100.00 31.22,250.00 -31.22,250.00" style="fill:#ad9bbe" />
<polyline points="-11.59,100.00 11.59,100.00 11.59,100.00 -11.59,100.00" style="fill:#33065d" />
</g>
<g transform="translate(250.00,250.00) rotate(-150)">
<polyline points="-11.59,100.00 11.59,100.00 31.22,250.00 -31.22,250.00" style="fill:#ad9bbe" />
<polyline points="-11.59,100.00 11.59,100.00 11.59,100.00 -11.59,100.00" style="fill:#33065d" />
</g>
<g transform="translate(250.00,250.00) rotate(-135)">
<polyline points="-11.59,100.00 11.59,100.00 31.22,250.00 -31.22,250.00" style="fill:#ad9bbe" />
<polyline points="-11.59,100.00 11.59,100.00 11.59,100.00 -11.59,100.00" style="fill:#33065d" />
</g>
<g transform="translate(250.00,250.00) rotate(-120)">
<polyline points="-11.59,100.00 11.59,100.00 31.22,250.00 -31.22,250.00" style="fill:#ad9bbe" />
<polyline points="-11.59,100.00 11.59,100.00 11.59,100.00 -11.59,100.00" style="fill:#33065d" />
</g>
<g transform="translate(250.00,250.00) rotate(-105)">
<polyline points="-11.59,100.00 11.59,100.00 31.22,250.00 -31.22,250.00" style="fill:#ad9bbe" />
<polyline points="-11.59,100.00 11.59,100.00 11.59,100.00 -11.59,100.00" style="fill:#33065d" />
</g>
<g transform="translate(250.00,250.00) rotate(-90)">
<polyline points="-11.59,100.00 11.59,100.00 31.22,250.00 -31.22,250.00" style="fill:#ad9bbe" />
<polyline points="-11.59,100.00 11.59,100.00 11.59,100.00 -11.59,100.00" style="fill:#33065d" />
</g>
<g transform="translate(250.00,250.00) rotate(-75)">
<polyline points="-11.59,100.00 11.59,100.00 31.22,250.00 -31.22,250.00" style="fill:#ad9bbe" />
<polyline points="-11.59,100.00 11.59,100.00 11.59,100.00 -11.59,100.00" style="fill:#33065d" />
</g>
<g transform="translate(250.00,250.00) rotate(-60)">
<polyline points="-11.59,100.00 11.59,100.00 31.22,250.00 -31.22,250.00" style="fill:#ad9bbe" />
<polyline points="-11.59,100.00 11.59,100.00 11.59,100.00 -11.59,100.00" style="fill:#33065d" />
</g>
<g transform="translate(250.00,250.00) rotate(-45)">
<polyline points="-11.59,100.00 11.59,100.00 31.22,250.00 -31.22,250.00" style="fill:#ad9bbe" />
<polyline points="-11.59,100.00 11.59,100.00 11.59,100.00 -11.59,100.00" style="fill:#33065d" />
</g>
<g transform="translate(250.00,250.00) rotate(-30)">
<polyline points="-11.59,100.00 11.59,100.00 31.22,250.00 -31.22,250.00" style="fill:#ad9bbe" />
<polyline points="-11.59,100.00 11.59,100.00 11.59,100.00 -11.59,100.00" style="fill:#33065d" />
</g>
<g transform="translate(250.00,250.00) rotate(-15)">
<polyline points="-11.59,100.00 11.59,100.00 31.22,250.00 -31.22,250.00" style="fill:#ad9bbe" />
<polyline points="-11.59,100.00 11.59,100.00 11.59,100.00 -11.59,100.00" style="fill:#33065d" />
</g>
<g transform="translate(250.00,250.00) rotate(0)">
<polyline points="-11.59,100.00 11.59,100.00 31.22,250.00 -31.22,250.00" style="fill:#ad9bbe" />
<polyline points="-11.59,100.00 11.59,100.00 11.59,100.00 -11.59,100.00" style="fill:#33065d" />
</g>
<g transform="translate(250.00,250.00) rotate(15)">
<polyline points="-11.59,100.00 11.59,100.00 31.22,250.00 -31.22,250.00" style="fill:#ad9bbe" />
<polyline points="-11.59,100.00 11.59,100.00 11.59,100.00 -11.59,100.00" style="fill:#33065d" />
</g>
<g transform="translate(250.00,250.00) rotate(30)">
<polyline points="-11.59,100.00 11.59,100.00 31.22,250.00 -31.22,250.00" style="fill:#ad9bbe" />
<polyline points="-11.59,100.00 11.59,100.00 11.59,100.00 -11.59,100.00" style="fill:#33065d" />
</g>
<g transform="translate(250.00,250.00) rotate(45)">
<polyline points="-11.59,100.00 11.59,100.00 31.22,250.00 -31.22,250.00" style="fill:#ad9bbe" />
<polyline points="-11.59,100.00 11.59,100.00 11.59,100.00 -11.59,100.00" style="fill:#33065d" />
</g>
<g transform="translate(250.00,250.00) rotate(60)">
<polyline points="-11.59,100.00 11.59,100.00 31.22,250.00 -31.22,250.00" style="fill:#ad9bbe" />
<polyline points="-11.59,100.00 11.59,100.00 11.59,100.00 -11.59,100.00" style="fill:#33065d" />
</g>
<g transform="translate(250.00,250.00) rotate(75)">
<polyline points="-11.59,100.00 11.59,100.00 31.22,250.00 -31.22,250.00" style="fill:#ad9bbe" />
<polyline points="-11.59,100.00 11.59,100.00 11.59,100.00 -11.59,100.00" style="fill:#33065d" />
</g>
<g transform="translate(250.00,250.00) rotate(90)">
<polyline points="-11.59,100.00 11.59,100.00 31.22,250.00 -31.22,250.00" style="fill:#ad9bbe" />
<polyline points="-11.59,100.00 11.59,100.00 11.59,100.00 -11.59,100.00" style="fill:#33065d" />
</g>
<g transform="translate(250.00,250.00) rotate(105)">
<polyline points="-11.59,100.00 11.59,100.00 31.22,250.00 -31.22,250.00" style="fill:#ad9bbe" />
<polyline points="-11.59,100.00 11.59,100.00 11.59,100.00 -11.59,100.00" style="fill:#33065d" />
</g>
<g transform="translate(250.00,250.00) rotate(120)">
<polyline points="-11.59,100.00 11.59,100.00 31.22,250.00 -31.22,250.00" style="fill:#ad9bbe" />
<polyline points="-11.59,100.00 11.59,100.00 11.59,100.00 -11.59,100.00" style="fill:#33065d" />
</g>
<g transform="translate(250.00,250.00) rotate(135)">
<polyline points="-11.59,100.00 11.59,100.00 31.22,250.00 -31.22,250.00" style="fill:#ad9bbe" />
<polyline points="-11.59,100.00 11.59,100.00 11.59,100.00 -11.59,100.00" style="fill:#33065d" />
</g>
<g transform="translate(250.00,250.00) rotate(150)">
<polyline points="-11.59,100.00 11.59,100.00 31.22,250.00 -31.22,250.00" style="fill:#ad9bbe" />
<polyline points="-11.59,100.00 11.59,100.00 11.59,100.00 -11.59,100.00" style="fill:#33065d" />
</g>
<g transform="translate(250.00,250.00) rotate(165)">
<polyline points="-11.59,100.00 11.59,100.00 31.22,250.00 -31.22,250.00" style="fill:#ad9bbe" />
<polyline points="-11.59,100.00 11.59,100.00 11.59,100.00 -11.59,100.00" style="fill:#33065d" />
</g>
</g>
<g id="hour-markings">
<text x="250.00" y="170.00" style="font-family:monospace;font-size:24px;text-anchor:middle;dominant-baseline:central" >00</text>
<text x="306.57" y="193.43" style="font-family:monospace;font-size:24px;text-anchor:middle;dominant-baseline:central;fill:#eee" >03</text>
<text x="330.00" y="250.00" style="font-family:monospace;font-size:24px;text-anchor:middle;dominant-baseline:central" >06</text>
<text x="306.57" y="306.57" style="font-family:monospace;font-size:24px;text-anchor:middle;dominant-baseline:central;fill:#eee" >09</text>
<text x="250.00" y="330.00" style="font-family:monospace;font-size:24px;text-anchor:middle;dominant-baseline:central" >12</text>
<text x="193.43" y="306.57" style="font-family:monospace;font-size:24px;text-anchor:middle;dominant-baseline:central;fill:#eee" >15</text>
<text x="170.00" y="250.00" style="font-family:monospace;font-size:24px;text-anchor:middle;dominant-baseline:central" >18</text>
<text x="193.43" y="193.43" style="font-family:monospace;font-size:24px;text-anchor:middle;dominant-baseline:central;fill:#eee" >21</text>
</g>
<g id="average">
<circle cx="250.00" cy="150.00" r="5.50" style="fill:orange" />
<circle cx="275.88" cy="153.41" r="5.50" style="fill:orange" />
<circle cx="300.00" cy="163.40" r="5.50" style="fill:orange" />
<circle cx="320.71" cy="179.29" r="5.50" style="fill:orange" />
<circle cx="336.60" cy="200.00" r="5.50" style="fill:orange" />
<circle cx="346.59" cy="224.12" r="5.50" style="fill:orange" />
<circle cx="350.00" cy="250.00" r="5.50" style="fill:orange" />
<circle cx="346.59" cy="275.88" r="5.50" style="fill:orange" />
<circle cx="336.60" cy="300.00" r="5.50" style="fill:orange" />
<circle cx="320.71" cy="320.71" r="5.50" style="fill:orange" />
<circle cx="300.00" cy="336.60" r="5.50" style="fill:orange" />
<circle cx="275.88" cy="346.59" r="5.50" style="fill:orange" />
<circle cx="250.00" cy="350.00" r="5.50" style="fill:orange" />
<circle cx="224.12" cy="346.59" r="5.50" style="fill:orange" />
<circle cx="200.00" cy="336.60" r="5.50" style="fill:orange" />
<circle cx="179.29" cy="320.71" r="5.50" style="fill:orange" />
<circle cx="163.40" cy="300.00" r="5.50" style="fill:orange" />
<circle cx="153.41" cy="275.88" r="5.50" style="fill:orange" />
<circle cx="150.00" cy="250.00" r="5.50" style="fill:orange" />
<circle cx="153.41" cy="224.12" r="5.50" style="fill:orange" />
<circle cx="163.40" cy="200.00" r="5.50" style="fill:orange" />
<circle cx="179.29" cy="179.29" r="5.50" style="fill:orange" />
<circle cx="200.00" cy="163.40" r="5.50" style="fill:orange" />
<circle cx="224.12" cy="153.41" r="5.50" style="fill:orange" />
<polyline points="250.00,150.00 275.88,153.41 300.00,163.40 320.71,179.29 336.60,200.00 346.59,224.12 350.00,250.00 346.59,275.88 336.60,300.00 320.71,320.71 300.00,336.60 275.88,346.59 250.00,350.00 224.12,346.59 200.00,336.60 179.29,320.71 163.40,300.00 153.41,275.88 150.00,250.00 153.41,224.12 163.40,200.00 179.29,179.29 200.00,163.40 224.12,153.41 250.00,150.00" style="fill:none;stroke:orange;stroke-width:3.0" />
</g>
</g>
</svg>
